(None, OrderedDict([('lang', (None, OrderedDict([('english', (None, OrderedDict([('counting', (None, OrderedDict([('one', (1, {'text': ('one', {})})), ('two', (2, OrderedDict([('text', ('two', {}))])))])))])))])))]))
