OrderedDict([('lang',
              OrderedDict([('english',
                            OrderedDict([('counting',
                                          OrderedDict([('one', 1),
                                                       ('two', 2)]))])),
                           ('bahasa',
                            OrderedDict([('counting',
                                          OrderedDict([('satu', 1),
                                                       ('dua', 2)]))]))]))])
